2026-09-20 09:58:05.132 [main] INFO  c.g.p.PlanServiceApplicationTests - Starting PlanServiceApplicationTests using Java 21.0.8 with PID 10640 (started by bikku in C:\Users\bikku\OneDrive\Desktop\GymAi\plan-service)
2026-09-20 09:58:05.227 [main] INFO  c.g.p.PlanServiceApplicationTests - The following 1 profile is active: "test"
2026-09-20 09:58:11.653 [main] INFO  o.s.d.r.c.RepositoryConfigurationDelegate - Multiple Spring Data modules found, entering strict repository configuration mode
2026-09-20 09:58:11.667 [main] INFO  o.s.d.r.c.RepositoryConfigurationDelegate - Bootstrapping Spring Data JPA repositories in DEFAULT mode.
2026-09-20 09:58:13.214 [main] INFO  o.s.d.r.c.RepositoryConfigurationDelegate - Finished Spring Data repository scanning in 1474 ms. Found 10 JPA repository interfaces.
2026-09-20 09:58:14.816 [main] INFO  o.s.cloud.context.scope.GenericScope - BeanFactory id=3c752fc5-8158-3c51-8df4-cb9d4c36da41
2026-09-20 09:58:17.091 [main] INFO  o.h.jpa.internal.util.LogHelper - HHH000204: Processing PersistenceUnitInfo [name: default]
2026-09-20 09:58:17.481 [main] INFO  org.hibernate.Version - HHH000412: Hibernate ORM core version 6.6.53.Final
2026-09-20 09:58:17.666 [main] INFO  o.h.c.i.RegionFactoryInitiator - HHH000026: Second-level cache disabled
2026-09-20 09:58:19.239 [main] INFO  o.s.o.j.p.SpringPersistenceUnitInfo - No LoadTimeWeaver setup: ignoring JPA class transformer
2026-09-20 09:58:19.472 [main] INFO  com.zaxxer.hikari.HikariDataSource - HikariPool-1 - Starting...
2026-09-20 09:58:20.741 [main] INFO  com.zaxxer.hikari.pool.HikariPool - HikariPool-1 - Added connection conn0: url=jdbc:h2:mem:gymai_plan_test user=SA
2026-09-20 09:58:20.751 [main] INFO  com.zaxxer.hikari.HikariDataSource - HikariPool-1 - Start completed.
2026-09-20 09:58:21.089 [main] INFO  o.hibernate.orm.connections.pooling - HHH10001005: Database info:
	Database JDBC URL [Connecting through datasource 'HikariDataSource (HikariPool-1)']
	Database driver: undefined/unknown
	Database version: 2.3.232
	Autocommit mode: undefined/unknown
	Isolation level: undefined/unknown
	Minimum pool size: undefined/unknown
	Maximum pool size: undefined/unknown
2026-09-20 09:58:28.449 [main] INFO  o.h.e.t.j.p.i.JtaPlatformInitiator - HHH000489: No JTA platform available (set 'hibernate.transaction.jta.platform' to enable JTA platform integration)
2026-09-20 09:58:28.819 [main] INFO  o.s.o.j.LocalContainerEntityManagerFactoryBean - Initialized JPA EntityManagerFactory for persistence unit 'default'
2026-09-20 09:58:30.626 [main] INFO  o.s.d.j.r.query.QueryEnhancerFactory - Hibernate is in classpath; If applicable, HQL parser will be used.
2026-09-20 09:58:36.141 [main] INFO  c.g.plan_service.config.RedisConfig - RedisTemplate configured successfully
2026-09-20 09:58:37.357 [main] INFO  c.g.p.s.EnhancedNutritionDataService - Initializing comprehensive food database with 450 entries
2026-09-20 09:58:38.115 [main] INFO  c.g.p.s.EnhancedNutritionDataService - Successfully saved 201 food entries to database
2026-09-20 09:58:38.126 [main] INFO  c.g.p.s.EnhancedNutritionDataService - Initializing comprehensive exercise database with 200 entries
2026-09-20 09:58:38.588 [main] INFO  c.g.p.s.EnhancedNutritionDataService - Successfully saved 206 exercise entries to database
2026-09-20 09:58:38.816 [main] INFO  c.g.plan_service.config.RedisConfig - Redis CacheManager configured with 7 cache configurations
2026-09-20 09:58:39.216 [main] WARN  o.s.b.a.o.j.JpaBaseConfiguration$JpaWebConfiguration - spring.jpa.open-in-view is enabled by default. Therefore, database queries may be performed during view rendering. Explicitly configure spring.jpa.open-in-view to disable this warning
2026-09-20 09:58:43.207 [main] INFO  o.s.b.a.e.web.EndpointLinksResolver - Exposing 3 endpoints beneath base path '/actuator'
2026-09-20 09:58:43.559 [main] WARN  o.s.b.a.s.s.UserDetailsServiceAutoConfiguration - 

Using generated security password: 644bc719-75fd-4b98-8565-6c909d31c8ad

This generated password is for development use only. Your security configuration must be updated before running your application in production.

2026-09-20 09:58:43.616 [main] INFO  o.s.s.c.a.a.c.InitializeUserDetailsBeanManagerConfigurer$InitializeUserDetailsManagerConfigurer - Global AuthenticationManager configured with UserDetailsService bean with name inMemoryUserDetailsManager
2026-09-20 09:58:49.471 [main] INFO  c.g.p.PlanServiceApplicationTests - Started PlanServiceApplicationTests in 48.257 seconds (process running for 54.801)
2026-09-20 09:58:55.340 [SpringApplicationShutdownHook] INFO  o.s.o.j.LocalContainerEntityManagerFactoryBean - Closing JPA EntityManagerFactory for persistence unit 'default'
2026-09-20 09:58:55.418 [SpringApplicationShutdownHook] INFO  com.zaxxer.hikari.HikariDataSource - HikariPool-1 - Shutdown initiated...
2026-09-20 09:58:55.611 [SpringApplicationShutdownHook] INFO  com.zaxxer.hikari.HikariDataSource - HikariPool-1 - Shutdown completed.
