2026-09-20 09:56:13.400 [background-preinit] INFO  o.h.validator.internal.util.Version - HV000001: Hibernate Validator 8.0.3.Final
2026-09-20 09:56:13.632 [main] INFO  c.g.a.AuthServiceApplicationTests - Starting AuthServiceApplicationTests using Java 21.0.8 with PID 17272 (started by bikku in C:\Users\bikku\OneDrive\Desktop\GymAi\auth-service)
2026-09-20 09:56:13.641 [main] INFO  c.g.a.AuthServiceApplicationTests - The following 1 profile is active: "test"
2026-09-20 09:56:18.333 [main] INFO  o.s.d.r.c.RepositoryConfigurationDelegate - Bootstrapping Spring Data JPA repositories in DEFAULT mode.
2026-09-20 09:56:18.912 [main] INFO  o.s.d.r.c.RepositoryConfigurationDelegate - Finished Spring Data repository scanning in 488 ms. Found 1 JPA repository interface.
2026-09-20 09:56:21.237 [main] INFO  o.h.jpa.internal.util.LogHelper - HHH000204: Processing PersistenceUnitInfo [name: default]
2026-09-20 09:56:21.612 [main] INFO  org.hibernate.Version - HHH000412: Hibernate ORM core version 6.6.53.Final
2026-09-20 09:56:21.789 [main] INFO  o.h.c.i.RegionFactoryInitiator - HHH000026: Second-level cache disabled
2026-09-20 09:56:23.023 [main] INFO  o.s.o.j.p.SpringPersistenceUnitInfo - No LoadTimeWeaver setup: ignoring JPA class transformer
2026-09-20 09:56:23.229 [main] INFO  com.zaxxer.hikari.HikariDataSource - HikariPool-1 - Starting...
2026-09-20 09:56:23.944 [main] INFO  com.zaxxer.hikari.pool.HikariPool - HikariPool-1 - Added connection conn0: url=jdbc:h2:mem:gymai_auth_test user=SA
2026-09-20 09:56:23.951 [main] INFO  com.zaxxer.hikari.HikariDataSource - HikariPool-1 - Start completed.
2026-09-20 09:56:24.240 [main] INFO  o.hibernate.orm.connections.pooling - HHH10001005: Database info:
	Database JDBC URL [Connecting through datasource 'HikariDataSource (HikariPool-1)']
	Database driver: undefined/unknown
	Database version: 2.3.232
	Autocommit mode: undefined/unknown
	Isolation level: undefined/unknown
	Minimum pool size: undefined/unknown
	Maximum pool size: undefined/unknown
2026-09-20 09:56:27.295 [main] INFO  o.h.e.t.j.p.i.JtaPlatformInitiator - HHH000489: No JTA platform available (set 'hibernate.transaction.jta.platform' to enable JTA platform integration)
2026-09-20 09:56:27.434 [main] INFO  o.s.o.j.LocalContainerEntityManagerFactoryBean - Initialized JPA EntityManagerFactory for persistence unit 'default'
2026-09-20 09:56:28.791 [main] INFO  c.g.auth_service.security.JwtService - JWT secret key initialized
2026-09-20 09:56:30.014 [main] INFO  c.g.a.security.SecurityConfig - Initializing BCryptPasswordEncoder
2026-09-20 09:56:30.038 [main] INFO  c.g.a.security.SecurityConfig - Creating AuthenticationManager
2026-09-20 09:56:30.087 [main] INFO  c.g.a.security.SecurityConfig - Setting up AuthenticationProvider
2026-09-20 09:56:30.115 [main] INFO  o.s.s.c.a.a.c.InitializeAuthenticationProviderBeanManagerConfigurer$InitializeAuthenticationProviderManagerConfigurer - Global AuthenticationManager configured with AuthenticationProvider bean with name authenticationProvider
2026-09-20 09:56:30.116 [main] WARN  o.s.s.c.a.a.c.InitializeUserDetailsBeanManagerConfigurer$InitializeUserDetailsManagerConfigurer - Global AuthenticationManager configured with an AuthenticationProvider bean. UserDetailsService beans will not be used by Spring Security for automatically configuring username/password login. Consider removing the AuthenticationProvider bean. Alternatively, consider using the UserDetailsService in a manually instantiated DaoAuthenticationProvider. If the current configuration is intentional, to turn off this warning, increase the logging level of 'org.springframework.security.config.annotation.authentication.configuration.InitializeUserDetailsBeanManagerConfigurer' to ERROR
2026-09-20 09:56:32.133 [main] INFO  o.s.b.a.e.web.EndpointLinksResolver - Exposing 3 endpoints beneath base path '/actuator'
2026-09-20 09:56:32.403 [main] INFO  c.g.a.security.SecurityConfig - Setting up Security Filter Chain
2026-09-20 09:56:32.409 [main] INFO  c.g.a.security.SecurityConfig - Configuring CORS
2026-09-20 09:56:35.030 [main] INFO  c.g.a.AuthServiceApplicationTests - Started AuthServiceApplicationTests in 23.451 seconds (process running for 27.571)
2026-09-20 09:56:37.363 [SpringApplicationShutdownHook] INFO  o.s.o.j.LocalContainerEntityManagerFactoryBean - Closing JPA EntityManagerFactory for persistence unit 'default'
2026-09-20 09:56:37.390 [SpringApplicationShutdownHook] INFO  com.zaxxer.hikari.HikariDataSource - HikariPool-1 - Shutdown initiated...
2026-09-20 09:56:37.396 [SpringApplicationShutdownHook] INFO  com.zaxxer.hikari.HikariDataSource - HikariPool-1 - Shutdown completed.
